320px /dashboard overflow=0px 
320px /transactions overflow=0px 
320px /reports overflow=0px 
320px /settings overflow=0px 
320px /admin overflow=0px 
320px /admin/users overflow=0px 
320px errors=[]
375px /dashboard overflow=0px 
375px /transactions overflow=0px 
375px /reports overflow=0px 
375px /settings overflow=0px 
375px /admin overflow=0px 
375px /admin/users overflow=0px 
375px errors=[]
480px /dashboard overflow=0px 
480px /transactions overflow=0px 
480px /reports overflow=0px 
480px /settings overflow=0px 
480px /admin overflow=0px 
480px /admin/users overflow=0px 
480px errors=[]
768px /dashboard overflow=0px 
768px /transactions overflow=0px 
768px /reports overflow=0px 
768px /settings overflow=0px 
768px /admin overflow=0px 
768px /admin/users overflow=0px 
768px errors=[]
820px /dashboard overflow=0px 
820px /transactions overflow=0px 
820px /reports overflow=0px 
820px /settings overflow=0px 
820px /admin overflow=0px 
820px /admin/users overflow=0px 
820px errors=[]
1024px /dashboard overflow=0px 
1024px /transactions overflow=0px 
1024px /reports overflow=0px 
1024px /settings overflow=0px 
1024px /admin overflow=0px 
1024px /admin/users overflow=0px 
1024px errors=[]
1280px /dashboard overflow=0px 
1280px /transactions overflow=0px 
1280px /reports overflow=0px 
1280px /settings overflow=0px 
1280px /admin overflow=0px 
1280px /admin/users overflow=0px 
1280px errors=[]
1440px /dashboard overflow=0px 
1440px /transactions overflow=0px 
1440px /reports overflow=0px 
1440px /settings overflow=0px 
1440px /admin overflow=0px 
1440px /admin/users overflow=0px 
1440px errors=[]
1920px /dashboard overflow=0px 
1920px /transactions overflow=0px 
1920px /reports overflow=0px 
1920px /settings overflow=0px 
1920px /admin overflow=0px 
1920px /admin/users overflow=0px 
1920px errors=[]
